[    0.000000] Initializing cgroup subsys cpuset
[    0.000000] Initializing cgroup subsys cpu
[    0.000000] Initializing cgroup subsys cpuacct
[    0.000000] Linux version 4.4.0-42-generic (buildd@lgw01-13) (gcc version 5.4.0 20160609 (Ubuntu 5.4.0-6ubuntu1~16.04.2) ) #62-Ubuntu SMP Fri Oct 7 23:11:45 UTC 2016 (Ubuntu 4.4.0-42.62-generic 4.4.21)
[    0.000000] Command line: BOOT_IMAGE=/boot/vmlinuz-4.4.0-42-generic root=UUID=5024d65a-f76f-4507-8bd2-495af417e0a2 ro console=tty1 console=ttyS0 earlyprintk=ttyS0 rootdelay=300
[    0.000000] KERNEL supported cpus:
[    0.000000]   Intel GenuineIntel
[    0.000000]   AMD AuthenticAMD
[    0.000000]   Centaur CentaurHauls
[    0.000000] x86/fpu: xstate_offset[2]:  576, xstate_sizes[2]:  256
[    0.000000] x86/fpu: Supporting XSAVE feature 0x01: 'x87 floating point registers'
[    0.000000] x86/fpu: Supporting XSAVE feature 0x02: 'SSE registers'
[    0.000000] x86/fpu: Supporting XSAVE feature 0x04: 'AVX registers'
[    0.000000] x86/fpu: Enabled xstate features 0x7, context size is 832 bytes, using 'standard' format.
[    0.000000] x86/fpu: Using 'eager' FPU context switches.
[    0.000000] e820: BIOS-provided physical RAM map:
[    0.000000] BIOS-e820: [mem 0x0000000000000000-0x000000000009fbff] usable
[    0.000000] BIOS-e820: [mem 0x000000000009fc00-0x000000000009ffff] reserved
[    0.000000] BIOS-e820: [mem 0x00000000000e0000-0x00000000000fffff] reserved
[    0.000000] BIOS-e820: [mem 0x0000000000100000-0x000000001ffeffff] usable
[    0.000000] BIOS-e820: [mem 0x000000001fff0000-0x000000001fffefff] ACPI data
[    0.000000] BIOS-e820: [mem 0x000000001ffff000-0x000000001fffffff] ACPI NVS
[    0.000000] BIOS-e820: [mem 0x0000000100000000-0x000000045fffffff] usable
[    0.000000] bootconsole [earlyser0] enabled
[    0.000000] NX (Execute Disable) protection: active
[    0.000000] SMBIOS 2.3 present.
[    0.000000] DMI: Microsoft Corporation Virtual Machine/Virtual Machine, BIOS 090006  05/23/2012
[    0.000000] Hypervisor detected: Microsoft HyperV
[    0.000000] HyperV: features 0xe7f, hints 0x2c
[    0.000000] HyperV: LAPIC Timer Frequency: 0xc3500
[    0.000000] clocksource: hyperv_clocksource: mask: 0xffffffffffffffff max_cycles: 0x24e6a1710, max_idle_ns: 440795202120 ns
[    0.000000] tsc: Marking TSC unstable due to running on Hyper-V
[    0.000000] e820: update [mem 0x00000000-0x00000fff] usable ==> reserved
[    0.000000] e820: remove [mem 0x000a0000-0x000fffff] usable
[    0.000000] e820: last_pfn = 0x460000 max_arch_pfn = 0x400000000
[    0.000000] MTRR default type: uncachable
[    0.000000] MTRR fixed ranges enabled:
[    0.000000]   00000-9FFFF write-back
[    0.000000]   A0000-DFFFF uncachable
[    0.000000]   E0000-FFFFF write-back
[    0.000000] MTRR variable ranges enabled:
[    0.000000]   0 base 00000000000 mask 3FFC0000000 write-back
[    0.000000]   1 base 00100000000 mask 3F000000000 write-back
[    0.000000]   2 disabled
[    0.000000]   3 disabled
[    0.000000]   4 disabled
[    0.000000]   5 disabled
[    0.000000]   6 disabled
[    0.000000]   7 disabled
[    0.000000] x86/PAT: Configuration [0-7]: WB  WC  UC- UC  WB  WC  UC- WT  
[    0.000000] e820: update [mem 0x40000000-0xffffffff] usable ==> reserved
[    0.000000] e820: last_pfn = 0x1fff0 max_arch_pfn = 0x400000000
[    0.000000] found SMP MP-table at [mem 0x000ff780-0x000ff78f] mapped at [ffff8800000ff780]
[    0.000000] Scanning 1 areas for low memory corruption
[    0.000000] Base memory trampoline at [ffff880000099000] 99000 size 24576
[    0.000000] BRK [0x02201000, 0x02201fff] PGTABLE
[    0.000000] BRK [0x02202000, 0x02202fff] PGTABLE
[    0.000000] BRK [0x02203000, 0x02203fff] PGTABLE
[    0.000000] BRK [0x02204000, 0x02204fff] PGTABLE
[    0.000000] BRK [0x02205000, 0x02205fff] PGTABLE
[    0.000000] BRK [0x02206000, 0x02206fff] PGTABLE
[    0.000000] RAMDISK: [mem 0x1d438000-0x1f768fff]
[    0.000000] ACPI: Early table checksum verification disabled
[    0.000000] ACPI: RSDP 0x00000000000F56F0 000014 (v00 ACPIAM)
[    0.000000] ACPI: RSDT 0x000000001FFF0000 000040 (v01 VRTUAL MICROSFT 05001223 MSFT 00000097)
[    0.000000] ACPI: FACP 0x000000001FFF0200 000081 (v02 VRTUAL MICROSFT 05001223 MSFT 00000097)
[    0.000000] ACPI: DSDT 0x000000001FFF1724 002E78 (v01 MSFTVM MSFTVM02 00000002 INTL 02002026)
[    0.000000] ACPI: FACS 0x000000001FFFF000 000040
[    0.000000] ACPI: WAET 0x000000001FFF1480 000028 (v01 VRTUAL MICROSFT 05001223 MSFT 00000097)
[    0.000000] ACPI: SLIC 0x000000001FFF14C0 000176 (v01 VRTUAL MICROSFT 05001223 MSFT 00000097)
[    0.000000] ACPI: OEM0 0x000000001FFF16C0 000064 (v01 VRTUAL MICROSFT 05001223 MSFT 00000097)
[    0.000000] ACPI: SRAT 0x000000001FFF0600 0000C0 (v02 VRTUAL MICROSFT 00000001 MSFT 00000001)
[    0.000000] ACPI: APIC 0x000000001FFF0300 00024C (v01 VRTUAL MICROSFT 05001223 MSFT 00000097)
[    0.000000] ACPI: OEMB 0x000000001FFFF040 000064 (v01 VRTUAL MICROSFT 05001223 MSFT 00000097)
[    0.000000] ACPI: Local APIC address 0xfee00000
[    0.000000] SRAT: PXM 0 -> APIC 0x00 -> Node 0
[    0.000000] SRAT: PXM 0 -> APIC 0x01 -> Node 0
[    0.000000] SRAT: PXM 0 -> APIC 0x02 -> Node 0
[    0.000000] SRAT: PXM 0 -> APIC 0x03 -> Node 0
[    0.000000] SRAT: Node 0 PXM 0 [mem 0x00000000-0x1fffffff]
[    0.000000] SRAT: Node 0 PXM 0 [mem 0x100000000-0x45fffffff]
[    0.000000] NUMA: Node 0 [mem 0x00000000-0x1fffffff] + [mem 0x100000000-0x45fffffff] -> [mem 0x00000000-0x45fffffff]
[    0.000000] NODE_DATA(0) allocated [mem 0x45ffef000-0x45fff3fff]
[    0.000000] Zone ranges:
[    0.000000]   DMA      [mem 0x0000000000001000-0x0000000000ffffff]
[    0.000000]   DMA32    [mem 0x0000000001000000-0x00000000ffffffff]
[    0.000000]   Normal   [mem 0x0000000100000000-0x000000045fffffff]
[    0.000000]   Device   empty
[    0.000000] Movable zone start for each node
[    0.000000] Early memory node ranges
[    0.000000]   node   0: [mem 0x0000000000001000-0x000000000009efff]
[    0.000000]   node   0: [mem 0x0000000000100000-0x000000001ffeffff]
[    0.000000]   node   0: [mem 0x0000000100000000-0x000000045fffffff]
[    0.000000] Initmem setup node 0 [mem 0x0000000000001000-0x000000045fffffff]
[    0.000000] On node 0 totalpages: 3669902
[    0.000000]   DMA zone: 64 pages used for memmap
[    0.000000]   DMA zone: 21 pages reserved
[    0.000000]   DMA zone: 3998 pages, LIFO batch:0
[    0.000000]   DMA32 zone: 1984 pages used for memmap
[    0.000000]   DMA32 zone: 126960 pages, LIFO batch:31
[    0.000000]   Normal zone: 55296 pages used for memmap
[    0.000000]   Normal zone: 3538944 pages, LIFO batch:31
[    0.000000] ACPI: PM-Timer IO Port: 0x408
[    0.000000] ACPI: Local APIC address 0xfee00000
[    0.000000] IOAPIC[0]: apic_id 0, version 17, address 0xfec00000, GSI 0-23
[    0.000000] ACPI: INT_SRC_OVR (bus 0 bus_irq 0 global_irq 2 dfl dfl)
[    0.000000] ACPI: INT_SRC_OVR (bus 0 bus_irq 9 global_irq 9 high level)
[    0.000000] ACPI: IRQ0 used by override.
[    0.000000] ACPI: IRQ9 used by override.
[    0.000000] Using ACPI (MADT) for SMP configuration information
[    0.000000] smpboot: Allowing 64 CPUs, 60 hotplug CPUs
[    0.000000] PM: Registered nosave memory: [mem 0x00000000-0x00000fff]
[    0.000000] PM: Registered nosave memory: [mem 0x0009f000-0x0009ffff]
[    0.000000] PM: Registered nosave memory: [mem 0x000a0000-0x000dffff]
[    0.000000] PM: Registered nosave memory: [mem 0x000e0000-0x000fffff]
[    0.000000] PM: Registered nosave memory: [mem 0x1fff0000-0x1fffefff]
[    0.000000] PM: Registered nosave memory: [mem 0x1ffff000-0x1fffffff]
[    0.000000] PM: Registered nosave memory: [mem 0x20000000-0xffffffff]
[    0.000000] e820: [mem 0x20000000-0xffffffff] available for PCI devices
[    0.000000] Booting paravirtualized kernel on bare hardware
[    0.000000] clocksource: refined-jiffies: mask: 0xffffffff max_cycles: 0xffffffff, max_idle_ns: 7645519600211568 ns
[    0.000000] setup_percpu: NR_CPUS:256 nr_cpumask_bits:256 nr_cpu_ids:64 nr_node_ids:1
[    0.000000] PERCPU: Embedded 33 pages/cpu @ffff880450600000 s98008 r8192 d28968 u262144
[    0.000000] pcpu-alloc: s98008 r8192 d28968 u262144 alloc=1*2097152
[    0.000000] pcpu-alloc: [0] 00 01 02 03 04 05 06 07 [0] 08 09 10 11 12 13 14 15 
[    0.000000] pcpu-alloc: [0] 16 17 18 19 20 21 22 23 [0] 24 25 26 27 28 29 30 31 
[    0.000000] pcpu-alloc: [0] 32 33 34 35 36 37 38 39 [0] 40 41 42 43 44 45 46 47 
[    0.000000] pcpu-alloc: [0] 48 49 50 51 52 53 54 55 [0] 56 57 58 59 60 61 62 63 
[    0.000000] Built 1 zonelists in Node order, mobility grouping on.  Total pages: 3612537
[    0.000000] Policy zone: Normal
[    0.000000] Kernel command line: BOOT_IMAGE=/boot/vmlinuz-4.4.0-42-generic root=UUID=5024d65a-f76f-4507-8bd2-495af417e0a2 ro console=tty1 console=ttyS0 earlyprintk=ttyS0 rootdelay=300
[    0.000000] log_buf_len individual max cpu contribution: 4096 bytes
[    0.000000] log_buf_len total cpu_extra contributions: 258048 bytes
[    0.000000] log_buf_len min size: 262144 bytes
[    0.000000] log_buf_len: 524288 bytes
[    0.000000] early log buf free: 252980(96%)
[    0.000000] PID hash table entries: 4096 (order: 3, 32768 bytes)
[    0.000000] Calgary: detecting Calgary via BIOS EBDA area
[    0.000000] Calgary: Unable to locate Rio Grande table in EBDA - bailing!
[    0.000000] Memory: 14320324K/14679608K available (8409K kernel code, 1283K rwdata, 3944K rodata, 1480K init, 1292K bss, 359284K reserved, 0K cma-reserved)
[    0.000000] SLUB: HWalign=64, Order=0-3, MinObjects=0, CPUs=64, Nodes=1
[    0.000000] Hierarchical RCU implementation.
[    0.000000] 	Build-time adjustment of leaf fanout to 64.
[    0.000000] 	RCU restricting CPUs from NR_CPUS=256 to nr_cpu_ids=64.
[    0.000000] RCU: Adjusting geometry for rcu_fanout_leaf=64, nr_cpu_ids=64
[    0.000000] NR_IRQS:16640 nr_irqs:936 16
[    0.000000] Console: colour VGA+ 80x25
[    0.000000] console [tty1] enabled
[    0.000000] console [ttyS0] enabled
[    0.000000] bootconsole [earlyser0] disabled
[    0.000000] tsc: Unable to calibrate against PIT
[    0.000000] tsc: using PMTIMER reference calibration
[    0.000000] tsc: Detected 2397.210 MHz processor
[    0.024028] Calibrating delay loop (skipped), value calculated using timer frequency.. 4794.42 BogoMIPS (lpj=9588840)
[    0.032021] pid_max: default: 65536 minimum: 512
[    0.036034] ACPI: Core revision 20150930
[    0.040417] ACPI: 1 ACPI AML tables successfully acquired and loaded
[    0.045156] Security Framework initialized
[    0.048014] Yama: becoming mindful.
[    0.050413] AppArmor: AppArmor initialized
[    0.052937] Dentry cache hash table entries: 2097152 (order: 12, 16777216 bytes)
[    0.061105] Inode-cache hash table entries: 1048576 (order: 11, 8388608 bytes)
[    0.068060] Mount-cache hash table entries: 32768 (order: 6, 262144 bytes)
[    0.071636] Mountpoint-cache hash table entries: 32768 (order: 6, 262144 bytes)
[    0.072287] Initializing cgroup subsys io
[    0.076016] Initializing cgroup subsys memory
[    0.080027] Initializing cgroup subsys devices
[    0.082491] Initializing cgroup subsys freezer
[    0.084017] Initializing cgroup subsys net_cls
[    0.088015] Initializing cgroup subsys perf_event
[    0.090751] Initializing cgroup subsys net_prio
[    0.092017] Initializing cgroup subsys hugetlb
[    0.096015] Initializing cgroup subsys pids
[    0.098734] CPU: Physical Processor ID: 0
[    0.100013] CPU: Processor Core ID: 0
[    0.104863] mce: CPU supports 1 MCE banks
[    0.108016] Last level iTLB entries: 4KB 1024, 2MB 1024, 4MB 1024
[    0.112014] Last level dTLB entries: 4KB 1024, 2MB 1024, 4MB 1024, 1GB 4
[    0.116651] Freeing SMP alternatives memory: 32K (ffffffff820b4000 - ffffffff820bc000)
[    0.124713] ftrace: allocating 32007 entries in 126 pages
[    0.136105] smpboot: Max logical packages: 16
[    0.140014] smpboot: APIC(0) Converting physical 0 to logical package 0
[    0.144030] Switched APIC routing to physical flat.
[    0.180740] ..TIMER: vector=0x30 apic1=0 pin1=2 apic2=-1 pin2=-1
[    0.184049] smpboot: CPU0: Intel(R) Xeon(R) CPU E5-2673 v3 @ 2.40GHz (family: 0x6, model: 0x3f, stepping: 0x2)
[    0.189642] Performance Events: unsupported p6 CPU model 63 no PMU driver, software events only.
[    0.197188] NMI watchdog: disabled (cpu0): hardware events not enabled
[    0.200002] NMI watchdog: Shutting down hard lockup detector on all cpus
[    0.204079] x86: Booting SMP configuration:
[    0.208003] .... node  #0, CPUs:        #1  #2  #3
[    0.224586] x86: Booted up 1 node, 4 CPUs
[    0.228004] smpboot: Total of 4 processors activated (19177.68 BogoMIPS)
[    0.240496] devtmpfs: initialized
[    0.246588] evm: security.selinux
[    0.248005] evm: security.SMACK64
[    0.251169] evm: security.SMACK64EXEC
[    0.252003] evm: security.SMACK64TRANSMUTE
[    0.255468] evm: security.SMACK64MMAP
[    0.256007] evm: security.ima
[    0.260002] evm: security.capability
[    0.264068] PM: Registering ACPI NVS region [mem 0x1ffff000-0x1fffffff] (4096 bytes)
[    0.268133] clocksource: jiffies: mask: 0xffffffff max_cycles: 0xffffffff, max_idle_ns: 7645041785100000 ns
[    0.272115] pinctrl core: initialized pinctrl subsystem
[    0.276315] RTC time:  8:33:29, date: 10/20/16
[    0.280186] NET: Registered protocol family 16
[    0.296015] cpuidle: using governor ladder
[    0.308006] cpuidle: using governor menu
[    0.312014] PCCT header not found.
[    0.316096] ACPI: bus type PCI registered
[    0.320003] acpiphp: ACPI Hot Plug PCI Controller Driver version: 0.5
[    0.324278] PCI: Using configuration type 1 for base access
[    0.344155] ACPI: Added _OSI(Module Device)
[    0.348011] ACPI: Added _OSI(Processor Device)
[    0.352005] ACPI: Added _OSI(3.0 _SCP Extensions)
[    0.356004] ACPI: Added _OSI(Processor Aggregator Device)
[    0.365247] ACPI: Interpreter enabled
[    0.368008] ACPI Exception: AE_NOT_FOUND, While evaluating Sleep State [\_S1_] (20150930/hwxface-580)
[    0.380013] ACPI Exception: AE_NOT_FOUND, While evaluating Sleep State [\_S2_] (20150930/hwxface-580)
[    0.392008] ACPI Exception: AE_NOT_FOUND, While evaluating Sleep State [\_S3_] (20150930/hwxface-580)
[    0.404008] ACPI Exception: AE_NOT_FOUND, While evaluating Sleep State [\_S4_] (20150930/hwxface-580)
[    0.412013] ACPI: (supports S0 S5)
[    0.416003] ACPI: Using IOAPIC for interrupt routing
[    0.420051] PCI: Using host bridge windows from ACPI; if necessary, use "pci=nocrs" and report a bug
[    0.431574] ACPI: PCI Root Bridge [PCI0] (domain 0000 [bus 00-ff])
[    0.432008] acpi PNP0A03:00: _OSC: OS supports [ASPM ClockPM Segments MSI]
[    0.436009] acpi PNP0A03:00: _OSC failed (AE_NOT_FOUND); disabling ASPM
[    0.440017] acpi PNP0A03:00: fail to add MMCONFIG information, can't access extended PCI configuration space under this bridge.
[    0.444513] PCI host bridge to bus 0000:00
[    0.448005] pci_bus 0000:00: root bus resource [mem 0xfe0000000-0xfffefffff window]
[    0.452005] pci_bus 0000:00: root bus resource [io  0x0000-0x0cf7 window]
[    0.456003] pci_bus 0000:00: root bus resource [io  0x0d00-0xffff window]
[    0.460003] pci_bus 0000:00: root bus resource [mem 0x000a0000-0x000bffff window]
[    0.464003] pci_bus 0000:00: root bus resource [mem 0x20000000-0xfffbffff window]
[    0.468005] pci_bus 0000:00: root bus resource [bus 00-ff]
[    0.472117] pci 0000:00:00.0: [8086:7192] type 00 class 0x060000
[    0.476408] pci 0000:00:07.0: [8086:7110] type 00 class 0x060100
[    0.478576] pci 0000:00:07.1: [8086:7111] type 00 class 0x010180
[    0.480094] pci 0000:00:07.1: reg 0x20: [io  0xffa0-0xffaf]
[    0.480677] pci 0000:00:07.1: legacy IDE quirk: reg 0x10: [io  0x01f0-0x01f7]
[    0.484003] pci 0000:00:07.1: legacy IDE quirk: reg 0x14: [io  0x03f6]
[    0.488003] pci 0000:00:07.1: legacy IDE quirk: reg 0x18: [io  0x0170-0x0177]
[    0.492002] pci 0000:00:07.1: legacy IDE quirk: reg 0x1c: [io  0x0376]
[    0.496306] pci 0000:00:07.3: [8086:7113] type 00 class 0x068000
[    0.496402] * Found PM-Timer Bug on the chipset. Due to workarounds for a bug,
               * this clock source is slow. Consider trying other clock sources
[    0.501351] pci 0000:00:07.3: quirk: [io  0x0400-0x043f] claimed by PIIX4 ACPI
[    0.504540] pci 0000:00:08.0: [1414:5353] type 00 class 0x030000
[    0.504830] pci 0000:00:08.0: reg 0x10: [mem 0xf8000000-0xfbffffff]
[    0.514145] ACPI: PCI Interrupt Link [LNKA] (IRQs 3 4 5 7 9 10 *11 12 14 15)
[    0.545973] ACPI: PCI Interrupt Link [LNKB] (IRQs 3 4 5 7 9 10 11 12 14 15) *0, disabled.
[    0.578022] ACPI: PCI Interrupt Link [LNKC] (IRQs 3 4 5 7 9 10 11 12 14 15) *0, disabled.
[    0.613999] ACPI: PCI Interrupt Link [LNKD] (IRQs 3 4 5 7 9 10 11 12 14 15) *0, disabled.
[    0.646089] ACPI: Enabled 1 GPEs in block 00 to 0F
[    0.648159] vgaarb: setting as boot device: PCI:0000:00:08.0
[    0.651798] vgaarb: device added: PCI:0000:00:08.0,decodes=io+mem,owns=io+mem,locks=none
[    0.652002] vgaarb: loaded
[    0.654700] vgaarb: bridge control possible 0000:00:08.0
[    0.656195] SCSI subsystem initialized
[    0.660063] libata version 3.00 loaded.
[    0.660063] ACPI: bus type USB registered
[    0.664018] usbcore: registered new interface driver usbfs
[    0.668011] usbcore: registered new interface driver hub
[    0.672063] usbcore: registered new device driver usb
[    0.676100] PCI: Using ACPI for IRQ routing
[    0.680005] PCI: pci_cache_line_size set to 64 bytes
[    0.680287] e820: reserve RAM buffer [mem 0x0009fc00-0x0009ffff]
[    0.680289] e820: reserve RAM buffer [mem 0x1fff0000-0x1fffffff]
[    0.680439] NetLabel: Initializing
[    0.684002] NetLabel:  domain hash size = 128
[    0.688002] NetLabel:  protocols = UNLABELED CIPSOv4
[    0.692017] NetLabel:  unlabeled traffic allowed by default
[    0.696048] amd_nb: Cannot enumerate AMD northbridges
[    0.700060] clocksource: Switched to clocksource hyperv_clocksource
[    0.710078] AppArmor: AppArmor Filesystem Enabled
[    0.713250] pnp: PnP ACPI init
[    0.716208] pnp 00:00: Plug and Play ACPI device, IDs PNP0b00 (active)
[    0.716254] pnp 00:01: Plug and Play ACPI device, IDs PNP0303 PNP030b (active)
[    0.716291] pnp 00:02: Plug and Play ACPI device, IDs PNP0f03 PNP0f13 (active)
[    0.716735] pnp 00:03: [dma 0 disabled]
[    0.716773] pnp 00:03: Plug and Play ACPI device, IDs PNP0501 (active)
[    0.717167] pnp 00:04: [dma 0 disabled]
[    0.717190] pnp 00:04: Plug and Play ACPI device, IDs PNP0501 (active)
[    0.717582] pnp 00:05: [dma 2]
[    0.717612] pnp 00:05: Plug and Play ACPI device, IDs PNP0700 (active)
[    0.717645] system 00:06: [io  0x01e0-0x01ef] has been reserved
[    0.722136] system 00:06: [io  0x0160-0x016f] has been reserved
[    0.727237] system 00:06: [io  0x0278-0x027f] has been reserved
[    0.731222] system 00:06: [io  0x0378-0x037f] has been reserved
[    0.734961] system 00:06: [io  0x0678-0x067f] has been reserved
[    0.738793] system 00:06: [io  0x0778-0x077f] has been reserved
[    0.742368] system 00:06: [io  0x04d0-0x04d1] has been reserved
[    0.746105] system 00:06: Plug and Play ACPI device, IDs PNP0c02 (active)
[    0.746247] system 00:07: [io  0x0400-0x043f] has been reserved
[    0.750007] system 00:07: [io  0x0370-0x0371] has been reserved
[    0.753860] system 00:07: [io  0x0440-0x044f] has been reserved
[    0.757736] system 00:07: [mem 0xfec00000-0xfec00fff] could not be reserved
[    0.761630] system 00:07: [mem 0xfee00000-0xfee00fff] has been reserved
[    0.765831] system 00:07: Plug and Play ACPI device, IDs PNP0c02 (active)
[    0.765936] system 00:08: [mem 0x00000000-0x0009ffff] could not be reserved
[    0.770006] system 00:08: [mem 0x000c0000-0x000dffff] could not be reserved
[    0.773830] system 00:08: [mem 0x000e0000-0x000fffff] could not be reserved
[    0.777923] system 00:08: [mem 0x00100000-0x1fffffff] could not be reserved
[    0.782242] system 00:08: [mem 0xfffc0000-0xffffffff] has been reserved
[    0.786380] system 00:08: Plug and Play ACPI device, IDs PNP0c01 (active)
[    0.786542] pnp: PnP ACPI: found 9 devices
[    0.797038] clocksource: acpi_pm: mask: 0xffffff max_cycles: 0xffffff, max_idle_ns: 2085701024 ns
[    0.802043] pci_bus 0000:00: resource 4 [mem 0xfe0000000-0xfffefffff window]
[    0.802045] pci_bus 0000:00: resource 5 [io  0x0000-0x0cf7 window]
[    0.802047] pci_bus 0000:00: resource 6 [io  0x0d00-0xffff window]
[    0.802048] pci_bus 0000:00: resource 7 [mem 0x000a0000-0x000bffff window]
[    0.802049] pci_bus 0000:00: resource 8 [mem 0x20000000-0xfffbffff window]
[    0.802123] NET: Registered protocol family 2
[    0.805772] TCP established hash table entries: 131072 (order: 8, 1048576 bytes)
[    0.810555] TCP bind hash table entries: 65536 (order: 8, 1048576 bytes)
[    0.814971] TCP: Hash tables configured (established 131072 bind 65536)
[    0.819992] UDP hash table entries: 8192 (order: 6, 262144 bytes)
[    0.824537] UDP-Lite hash table entries: 8192 (order: 6, 262144 bytes)
[    0.828819] NET: Registered protocol family 1
[    0.833957] pci 0000:00:00.0: Limiting direct PCI/PCI transfers
[    0.837830] pci 0000:00:08.0: Video device with shadowed ROM
[    0.837858] PCI: CLS 0 bytes, default 64
[    0.837911] Trying to unpack rootfs image as initramfs...
[    1.355479] Freeing initrd memory: 36036K (ffff88001d438000 - ffff88001f769000)
[    1.360180] PCI-DMA: Using software bounce buffering for IO (SWIOTLB)
[    1.364062] software IO TLB [mem 0x19438000-0x1d438000] (64MB) mapped at [ffff880019438000-ffff88001d437fff]
[    1.369686] RAPL PMU detected, API unit is 2^-32 Joules, 3 fixed counters 10737418240 ms ovfl timer
[    1.374867] hw unit of domain pp0-core 2^-0 Joules
[    1.378198] hw unit of domain package 2^-0 Joules
[    1.383857] hw unit of domain dram 2^-16 Joules
[    1.388223] clocksource: tsc: mask: 0xffffffffffffffff max_cycles: 0x228debd2346, max_idle_ns: 440795295207 ns
[    1.393883] Scanning for low memory corruption every 60 seconds
[    1.399295] futex hash table entries: 16384 (order: 8, 1048576 bytes)
[    1.404262] audit: initializing netlink subsys (disabled)
[    1.408087] audit: type=2000 audit(1476952409.408:1): initialized
[    1.413405] Initialise system trusted keyring
[    1.417185] HugeTLB registered 2 MB page size, pre-allocated 0 pages
[    1.422746] zbud: loaded
[    1.425696] VFS: Disk quotas dquot_6.6.0
[    1.430981] VFS: Dquot-cache hash table entries: 512 (order 0, 4096 bytes)
[    1.436870] squashfs: version 4.0 (2009/01/31) Phillip Lougher
[    1.441281] fuse init (API version 7.23)
[    1.445453] Key type big_key registered
[    1.448911] Allocating IMA MOK and blacklist keyrings.
[    1.453115] Key type asymmetric registered
[    1.456400] Asymmetric key parser 'x509' registered
[    1.462726] Block layer SCSI generic (bsg) driver version 0.4 loaded (major 249)
[    1.467700] io scheduler noop registered
[    1.471539] io scheduler deadline registered (default)
[    1.475669] io scheduler cfq registered
[    1.478924] pci_hotplug: PCI Hot Plug PCI Core version: 0.5
[    1.483697] pciehp: PCI Express Hot Plug Controller Driver version: 0.4
[    1.487943] intel_idle: does not run on family 6 model 63
[    1.488006] input: Power Button as /devices/LNXSYSTM:00/LNXPWRBN:00/input/input0
[    1.492768] ACPI: Power Button [PWRF]
[    1.496402] GHES: HEST is not enabled!
[    1.499709] Serial: 8250/16550 driver, 32 ports, IRQ sharing enabled
[    1.529763] 00:03: ttyS0 at I/O 0x3f8 (irq = 4, base_baud = 115200) is a 16550A
[    1.560608] 00:04: ttyS1 at I/O 0x2f8 (irq = 3, base_baud = 115200) is a 16550A
[    1.565764] Linux agpgart interface v0.103
[    1.572585] brd: module loaded
[    1.577872] loop: module loaded
[    1.582409] ata_piix 0000:00:07.1: version 2.13
[    1.582546] ata_piix 0000:00:07.1: Hyper-V Virtual Machine detected, ATA device ignore set
[    1.590901] scsi host0: ata_piix
[    1.593781] scsi host1: ata_piix
[    1.596632] ata1: PATA max UDMA/33 cmd 0x1f0 ctl 0x3f6 bmdma 0xffa0 irq 14
[    1.600732] ata2: PATA max UDMA/33 cmd 0x170 ctl 0x376 bmdma 0xffa8 irq 15
[    1.605134] libphy: Fixed MDIO Bus: probed
[    1.608766] tun: Universal TUN/TAP device driver, 1.6
[    1.616854] tun: (C) 1999-2004 Max Krasnyansky <maxk@qualcomm.com>
[    1.621503] PPP generic driver version 2.4.2
[    1.625337] ehci_hcd: USB 2.0 'Enhanced' Host Controller (EHCI) Driver
[    1.629613] ehci-pci: EHCI PCI platform driver
[    1.635179] ehci-platform: EHCI generic platform driver
[    1.639226] ohci_hcd: USB 1.1 'Open' Host Controller (OHCI) Driver
[    1.643626] ohci-pci: OHCI PCI platform driver
[    1.649244] ohci-platform: OHCI generic platform driver
[    1.654237] uhci_hcd: USB Universal Host Controller Interface driver
[    1.659662] i8042: PNP: PS/2 Controller [PNP0303:PS2K,PNP0f03:PS2M] at 0x60,0x64 irq 1,12
[    1.670367] serio: i8042 KBD port at 0x60,0x64 irq 1
[    1.673969] serio: i8042 AUX port at 0x60,0x64 irq 12
[    1.678364] mousedev: PS/2 mouse device common for all mice
[    1.682722] rtc_cmos 00:00: RTC can wake from S4
[    1.707340] rtc_cmos 00:00: rtc core: registered rtc_cmos as rtc0
[    1.712682] rtc_cmos 00:00: alarms up to one month, 114 bytes nvram
[    1.717026] i2c /dev entries driver
[    1.720310] device-mapper: uevent: version 1.0.3
[    1.724030] device-mapper: ioctl: 4.34.0-ioctl (2015-10-28) initialised: dm-devel@redhat.com
[    1.728876] ledtrig-cpu: registered to indicate activity on CPUs
[    1.733770] input: AT Translated Set 2 keyboard as /devices/platform/i8042/serio0/input/input1
[    1.733862] NET: Registered protocol family 10
[    1.734172] NET: Registered protocol family 17
[    1.734183] Key type dns_resolver registered
[    1.739603] microcode: CPU0 sig=0x306f2, pf=0x1, revision=0xffffffff
[    1.742815] microcode: CPU1 sig=0x306f2, pf=0x1, revision=0xffffffff
[    1.742822] microcode: CPU2 sig=0x306f2, pf=0x1, revision=0xffffffff
[    1.742865] microcode: CPU3 sig=0x306f2, pf=0x1, revision=0xffffffff
[    1.742915] microcode: Microcode Update Driver: v2.01 <tigran@aivazian.fsnet.co.uk>, Peter Oruba
[    1.743112] registered taskstats version 1
[    1.743125] Loading compiled-in X.509 certificates
[    1.743857] Loaded X.509 cert 'Build time autogenerated kernel key: e837129128998c98ce5a834cc756a195b6db2f40'
[    1.743881] zswap: loaded using pool lzo/zbud
[    1.746367] Key type trusted registered
[    1.749933] Key type encrypted registered
[    1.749937] AppArmor: AppArmor sha1 policy hashing enabled
[    1.749939] ima: No TPM chip found, activating TPM-bypass!
[    1.749954] evm: HMAC attrs: 0x1
[    1.750517]   Magic number: 4:404:574
[    1.754964] rtc_cmos 00:00: setting system clock to 2016-10-20 08:33:30 UTC (1476952410)
[    1.755106] BIOS EDD facility v0.16 2004-Jun-25, 0 devices found
[    1.755106] EDD information not available.
[    1.755146] PM: Hibernation image not present or could not be loaded.
[    1.770730] ata1.01: host indicates ignore ATA devices, ignored
[    1.771411] ata2.00: ATAPI: Virtual CD, , max MWDMA2
[    1.772469] ata1.00: host indicates ignore ATA devices, ignored
[    1.775742] ata2.00: configured for MWDMA2
[    1.781212] scsi 1:0:0:0: CD-ROM            Msft     Virtual CD/ROM   1.0  PQ: 0 ANSI: 5
[    1.783332] sr 1:0:0:0: [sr0] scsi3-mmc drive: 0x/0x tray
[    1.783333] cdrom: Uniform CD-ROM driver Revision: 3.20
[    1.783421] sr 1:0:0:0: Attached scsi CD-ROM sr0
[    1.784146] sr 1:0:0:0: Attached scsi generic sg0 type 5
[    1.861581] Freeing unused kernel memory: 1480K (ffffffff81f42000 - ffffffff820b4000)
[    1.866432] Write protecting the kernel read-only data: 14336k
[    1.871157] Freeing unused kernel memory: 1820K (ffff880001839000 - ffff880001a00000)
[    1.877298] Freeing unused kernel memory: 152K (ffff880001dda000 - ffff880001e00000)
[    1.893957] random: systemd-udevd: uninitialized urandom read (16 bytes read, 2 bits of entropy available)
[    1.899112] random: systemd-udevd: uninitialized urandom read (16 bytes read, 2 bits of entropy available)
[    1.900892] random: udevadm: uninitialized urandom read (16 bytes read, 2 bits of entropy available)
[    1.900927] random: udevadm: uninitialized urandom read (16 bytes read, 2 bits of entropy available)
[    1.901116] random: udevadm: uninitialized urandom read (16 bytes read, 2 bits of entropy available)
[    1.901153] random: udevadm: uninitialized urandom read (16 bytes read, 2 bits of entropy available)
[    1.901189] random: udevadm: uninitialized urandom read (16 bytes read, 2 bits of entropy available)
[    1.901224] random: udevadm: uninitialized urandom read (16 bytes read, 2 bits of entropy available)
[    1.901259] random: udevadm: uninitialized urandom read (16 bytes read, 2 bits of entropy available)
[    1.905523] random: udevadm: uninitialized urandom read (16 bytes read, 2 bits of entropy available)
[    1.954758] FUJITSU Extended Socket Network Device Driver - version 1.0 - Copyright (c) 2015 FUJITSU LIMITED
[    1.962816] clocksource: hyperv_clocksource_tsc_page: mask: 0xffffffffffffffff max_cycles: 0x24e6a1710, max_idle_ns: 440795202120 ns
[    1.969674] clocksource: Switched to clocksource hyperv_clocksource_tsc_page
[    2.058889] AVX2 version of gcm_enc/dec engaged.
[    2.065892] AES CTR mode by8 optimization enabled
[    2.069949] Floppy drive(s): fd0 is 1.44M
[    2.089232] FDC 0 is an 82078.
[    2.345032] hv_vmbus: Hyper-V Host Build:9600-6.3-18-0.18190; Vmbus version:3.0
[    2.351191] hv_vmbus: Unknown GUID: f8e65716-3cb3-4a06-9a60-1889c5cccab5
[    2.357645] hv_vmbus: Unknown GUID: 3375baf4-9e15-4b30-b765-67acb10d607b
[    2.371063] hv_vmbus: Unknown GUID: 276aacf4-ac15-426c-98dd-7521ad3f01fe
[    2.377560] hv_vmbus: registering driver hv_storvsc
[    2.380016] psmouse serio1: trackpoint: failed to get extended button data
[    2.386642] hv_vmbus: registering driver hyperv_fb
[    2.387088] hv_utils: Registering HyperV Utility Driver
[    2.387088] hv_vmbus: registering driver hv_util
[    2.405859] hv_vmbus: registering driver hv_netvsc
[    2.410894] hv_vmbus: registering driver hyperv_keyboard
[    2.415325] hidraw: raw HID events driver (C) Jiri Kosina
[    2.420886] scsi host2: storvsc_host_t
[    2.425847] hv_vmbus: registering driver hid_hyperv
[    2.425959] scsi 2:0:0:0: Direct-Access     Msft     Virtual Disk     1.0  PQ: 0 ANSI: 4
[    2.426207] sd 2:0:0:0: Attached scsi generic sg1 type 0
[    2.426236] sd 2:0:0:0: [sda] 2097152000 512-byte logical blocks: (1.07 TB/1000 GiB)
[    2.426434] sd 2:0:0:0: [sda] Write Protect is off
[    2.426436] sd 2:0:0:0: [sda] Mode Sense: 0f 00 10 00
[    2.426469] sd 2:0:0:0: [sda] Write cache: enabled, read cache: enabled, supports DPO and FUA
[    2.426791] hyperv_fb: Screen resolution: 1152x864, Color depth: 32
[    2.427180]  sda: sda1
[    2.427576] sd 2:0:0:0: [sda] Attached SCSI disk
[    2.472771] Console: switching to colour frame buffer device 144x54
[    2.477357] hv_netvsc: hv_netvsc channel opened successfully
[    2.621420] hv_netvsc vmbus_16: Send section size: 6144, Section count:2560
[    2.625908] hv_netvsc vmbus_16: Device MAC 00:0d:3a:25:4c:dc link state up
[    2.640797] scsi host3: storvsc_host_t
[    2.642503] scsi 3:0:1:0: Direct-Access     Msft     Virtual Disk     1.0  PQ: 0 ANSI: 4
[    2.645868] sd 3:0:1:0: Attached scsi generic sg2 type 0
[    2.645907] sd 3:0:1:0: [sdb] 419430400 512-byte logical blocks: (215 GB/200 GiB)
[    2.645908] sd 3:0:1:0: [sdb] 4096-byte physical blocks
[    2.646150] sd 3:0:1:0: [sdb] Write Protect is off
[    2.646151] sd 3:0:1:0: [sdb] Mode Sense: 0f 00 10 00
[    2.646214] sd 3:0:1:0: [sdb] Write cache: enabled, read cache: enabled, supports DPO and FUA
[    2.647210]  sdb: sdb1
[    2.647666] sd 3:0:1:0: [sdb] Attached SCSI disk
[    2.668872] scsi host4: storvsc_host_t
[    2.670789] scsi host4: scsi scan: INQUIRY result too short (5), using 36
[    2.676897] scsi host5: storvsc_host_t
[    2.678600] scsi host5: scsi scan: INQUIRY result too short (5), using 36
[    2.681334] input: Microsoft Vmbus HID-compliant Mouse as /devices/0006:045E:0621.0001/input/input4
[    2.686710] hid-generic 0006:045E:0621.0001: input: <UNKNOWN> HID v0.01 Mouse [Microsoft Vmbus HID-compliant Mouse] on 
[    3.856042] md: linear personality registered for level -1
[    3.861396] md: multipath personality registered for level -4
[    3.865693] md: raid0 personality registered for level 0
[    3.870453] md: raid1 personality registered for level 1
[    3.944007] raid6: sse2x1   gen()  8218 MB/s
[    4.012008] raid6: sse2x1   xor()  6184 MB/s
[    4.080014] raid6: sse2x2   gen()  9492 MB/s
[    4.148033] raid6: sse2x2   xor()  6398 MB/s
[    4.216014] raid6: sse2x4   gen() 11961 MB/s
[    4.284010] raid6: sse2x4   xor()  8307 MB/s
[    4.352021] raid6: avx2x1   gen() 15652 MB/s
[    4.420013] raid6: avx2x2   gen() 17923 MB/s
[    4.488009] raid6: avx2x4   gen() 19940 MB/s
[    4.490339] raid6: using algorithm avx2x4 gen() 19940 MB/s
[    4.492956] raid6: using avx2x2 recovery algorithm
[    4.496590] xor: automatically using best checksumming function:
[    4.536009]    avx       : 23029.000 MB/sec
[    4.539512] async_tx: api initialized (async)
[    4.548072] md: raid6 personality registered for level 6
[    4.550597] md: raid5 personality registered for level 5
[    4.552991] md: raid4 personality registered for level 4
[    4.559984] md: raid10 personality registered for level 10
[    4.595723] Btrfs loaded
[    4.688074] blk_update_request: I/O error, dev fd0, sector 0
[    4.690862] floppy: error -5 while reading block 0
[    4.872550] EXT4-fs (sda1): mounted filesystem with ordered data mode. Opts: (null)
[    4.878337] random: nonblocking pool is initialized
[    7.188078] psmouse serio1: trackpoint: IBM TrackPoint firmware: 0x01, buttons: 0/0
[    7.194577] input: TPPS/2 IBM TrackPoint as /devices/platform/i8042/serio1/input/input3
[    7.198328] input: AT Translated Set 2 keyboard as /devices/LNXSYSTM:00/LNXSYBUS:00/PNP0A03:00/device:07/VMBUS:01/vmbus_5/serio2/input/input5
[   10.067994] systemd[1]: systemd 229 running in system mode. (+PAM +AUDIT +SELINUX +IMA +APPARMOR +SMACK +SYSVINIT +UTMP +LIBCRYPTSETUP +GCRYPT +GNUTLS +ACL +XZ -LZ4 +SECCOMP +BLKID +ELFUTILS +KMOD -IDN)
[   10.077229] systemd[1]: Detected virtualization microsoft.
[   10.080173] systemd[1]: Detected architecture x86-64.
[   10.495967] systemd[1]: Set hostname to <localhost.localdomain>.
[   14.556647] systemd[1]: Configuration file /etc/systemd/system/hdinsight-provisioning-agent.service is marked executable. Please remove executable permission bits. Proceeding anyway.
[   14.726481] systemd[1]: Configuration file /etc/systemd/system/hdinsight-mds-starter.service is marked executable. Please remove executable permission bits. Proceeding anyway.
[   14.762450] systemd[1]: Time has been changed
[   14.765431] systemd[1]: Listening on Device-mapper event daemon FIFOs.
[   14.774123] systemd[1]: Set up automount Arbitrary Executable File Formats File System Automount Point.
[   14.784075] systemd[1]: Listening on /dev/initctl Compatibility Named Pipe.
[   14.793213] systemd[1]: Reached target Swap.
[   14.798625] systemd[1]: Listening on Journal Audit Socket.
[   14.805454] systemd[1]: Started Forward Password Requests to Wall Directory Watch.
[   14.813084] systemd[1]: Created slice User and Session Slice.
[   14.819543] systemd[1]: Listening on Journal Socket.
[   14.826232] systemd[1]: Reached target Encrypted Volumes.
[   14.833379] systemd[1]: Listening on Syslog Socket.
[   14.839571] systemd[1]: Listening on LVM2 poll daemon socket.
[   14.846259] systemd[1]: Listening on LVM2 metadata daemon socket.
[   14.853342] systemd[1]: Listening on Journal Socket (/dev/log).
[   14.861285] systemd[1]: Listening on udev Kernel Socket.
[   14.867778] systemd[1]: Reached target User and Group Name Lookups.
[   14.874313] systemd[1]: Listening on udev Control Socket.
[   14.880897] systemd[1]: Created slice System Slice.
[   14.900285] systemd[1]: Mounting Huge Pages File System...
[   14.907644] systemd[1]: Starting Uncomplicated firewall...
[   14.913855] systemd[1]: Created slice system-serial\x2dgetty.slice.
[   14.936100] systemd[1]: Mounting Debug File System...
[   14.948586] systemd[1]: Starting Create list of required static device nodes for the current kernel...
[   14.959102] systemd[1]: Starting Journal Service...
[   14.966809] systemd[1]: Starting Nameserver information manager...
[   14.974273] systemd[1]: Starting Set console keymap...
[   14.980575] systemd[1]: Reached target Slices.
[   15.024481] systemd[1]: Starting Load Kernel Modules...
[   15.031775] systemd[1]: Mounting POSIX Message Queue File System...
[   15.040475] systemd[1]: Starting Remount Root and Kernel File Systems...
[   15.049862] systemd[1]: Starting Monitoring of LVM2 mirrors, snapshots etc. using dmeventd or progress polling...
[   15.061155] systemd[1]: Started Uncomplicated firewall.
[   15.069787] systemd[1]: Started Create list of required static device nodes for the current kernel.
[   15.120256] systemd[1]: Starting Create Static Device Nodes in /dev...
[   15.505480] systemd[1]: Mounted Debug File System.
[   15.512640] systemd[1]: Mounted POSIX Message Queue File System.
[   15.516183] EXT4-fs (sda1): re-mounted. Opts: discard
[   15.522830] systemd[1]: Mounted Huge Pages File System.
[   15.540698] systemd[1]: Started Remount Root and Kernel File Systems.
[   15.558239] systemd[1]: Starting Load/Save Random Seed...
[   15.566710] systemd[1]: Starting udev Coldplug all Devices...
[   15.575039] Loading iSCSI transport class v2.0-870.
[   15.612146] systemd[1]: Started Nameserver information manager.
[   15.619264] systemd[1]: Started Journal Service.
[   15.766783] iscsi: registered transport (tcp)
[   15.776546] systemd-journald[482]: Received request to flush runtime journal from PID 1
[   16.190692] iscsi: registered transport (iser)
[   17.656388] sd 2:0:0:0: [storvsc] Sense Key : Illegal Request [current] 
[   17.656393] sd 2:0:0:0: [storvsc] Add. Sense: Invalid command operation code
[   17.656553] sd 2:0:0:0: [storvsc] Sense Key : Illegal Request [current] 
[   17.656555] sd 2:0:0:0: [storvsc] Add. Sense: Invalid command operation code
[   17.656718] sd 3:0:1:0: [storvsc] Sense Key : Illegal Request [current] 
[   17.656722] sd 3:0:1:0: [storvsc] Add. Sense: Invalid command operation code
[   17.657020] sd 3:0:1:0: [storvsc] Sense Key : Illegal Request [current] 
[   17.657023] sd 3:0:1:0: [storvsc] Add. Sense: Invalid command operation code
[   17.658714] piix4_smbus 0000:00:07.3: SMBus base address uninitialized - upgrade BIOS or use force_addr=0xaddr
[   18.100563] intel_rapl: no valid rapl domains found in package 0
[   18.157699] intel_rapl: no valid rapl domains found in package 0
[   18.205635] intel_rapl: no valid rapl domains found in package 0
[   18.668271] audit: type=1400 audit(1476952428.013:2): apparmor="STATUS" operation="profile_load" profile="unconfined" name="/usr/bin/lxc-start" pid=856 comm="apparmor_parser"
[   18.704924] audit: type=1400 audit(1476952428.049:3): apparmor="STATUS" operation="profile_load" profile="unconfined" name="lxc-container-default" pid=853 comm="apparmor_parser"
[   18.704931] audit: type=1400 audit(1476952428.049:4): apparmor="STATUS" operation="profile_load" profile="unconfined" name="lxc-container-default-cgns" pid=853 comm="apparmor_parser"
[   18.704934] audit: type=1400 audit(1476952428.049:5): apparmor="STATUS" operation="profile_load" profile="unconfined" name="lxc-container-default-with-mounting" pid=853 comm="apparmor_parser"
[   18.704938] audit: type=1400 audit(1476952428.049:6): apparmor="STATUS" operation="profile_load" profile="unconfined" name="lxc-container-default-with-nesting" pid=853 comm="apparmor_parser"
[   18.724075] audit: type=1400 audit(1476952428.069:7): apparmor="STATUS" operation="profile_load" profile="unconfined" name="/usr/lib/lxd/lxd-bridge-proxy" pid=857 comm="apparmor_parser"
[   18.750160] audit: type=1400 audit(1476952428.093:8): apparmor="STATUS" operation="profile_load" profile="unconfined" name="/sbin/dhclient" pid=854 comm="apparmor_parser"
[   18.750167] audit: type=1400 audit(1476952428.093:9): apparmor="STATUS" operation="profile_load" profile="unconfined" name="/usr/lib/NetworkManager/nm-dhcp-client.action" pid=854 comm="apparmor_parser"
[   18.750171] audit: type=1400 audit(1476952428.093:10): apparmor="STATUS" operation="profile_load" profile="unconfined" name="/usr/lib/NetworkManager/nm-dhcp-helper" pid=854 comm="apparmor_parser"
[   18.750174] audit: type=1400 audit(1476952428.093:11): apparmor="STATUS" operation="profile_load" profile="unconfined" name="/usr/lib/connman/scripts/dhclient-script" pid=854 comm="apparmor_parser"
[   20.249355] cgroup: new mount options do not match the existing superblock, will be ignored
[   26.620922] IPv4: martian source 255.255.255.255 from 168.63.129.16, on dev eth0
[   26.620946] ll header: 00000000: ff ff ff ff ff ff 12 34 56 78 9a bc 08 00        .......4Vx....
[   26.667965] IPv4: martian source 255.255.255.255 from 168.63.129.16, on dev eth0
[   26.667986] ll header: 00000000: ff ff ff ff ff ff 12 34 56 78 9a bc 08 00        .......4Vx....
[   38.312114] blk_update_request: I/O error, dev fd0, sector 0
[   38.314922] floppy: error -5 while reading block 0
[   38.356059] blk_update_request: I/O error, dev fd0, sector 0
[   38.359126] floppy: error -5 while reading block 0
[   38.855937] UDF-fs: INFO Mounting volume 'rd_rdfe_stable.160624-1024', timestamp 2016/10/20 08:32 (1000)
[   40.683532] IPv4: martian source 255.255.255.255 from 168.63.129.16, on dev eth0
[   40.683536] ll header: 00000000: ff ff ff ff ff ff 12 34 56 78 9a bc 08 00        .......4Vx....
[   40.731791] IPv4: martian source 255.255.255.255 from 168.63.129.16, on dev eth0
[   40.731809] ll header: 00000000: ff ff ff ff ff ff 12 34 56 78 9a bc 08 00        .......4Vx....
[   42.088061] blk_update_request: I/O error, dev fd0, sector 0
[   42.090914] floppy: error -5 while reading block 0
[   42.132086] blk_update_request: I/O error, dev fd0, sector 0
[   42.134978] floppy: error -5 while reading block 0
[   42.461095] ntfs: driver 2.1.32 [Flags: R/O MODULE].
[   42.844578] ntfs: volume version 3.1.
[   44.031553] ip_tables: (C) 2000-2006 Netfilter Core Team
[   46.414965]  sdb: sdb1
[   48.734609] EXT4-fs (sdb1): mounted filesystem with ordered data mode. Opts: (null)
[  214.989340] Adding 7340028k swap on /mnt/resource/swap.  Priority:-1 extents:10 across:7790588k FS
[ 4898.100494] hrtimer: interrupt took 557305 ns
[326193.694078] floppy0: unexpected interrupt 
[326193.694167] floppy0: sensei repl[0]=80 
[326193.732085] blk_update_request: I/O error, dev fd0, sector 0
[326193.734329] floppy: error -5 while reading block 0
[326201.376736] SGI XFS with ACLs, security attributes, realtime, no debug enabled
[326201.387459] JFS: nTxBlock = 8192, nTxLock = 65536
[326201.408294] QNX4 filesystem 0.2.3 registered.
[326207.592124] blk_update_request: I/O error, dev fd0, sector 0
[326207.594850] floppy: error -5 while reading block 0
[326224.416212] audit_printk_skb: 15 callbacks suppressed
[326224.416216] audit: type=1400 audit(1477278633.209:17): apparmor="STATUS" operation="profile_replace" profile="unconfined" name="/usr/bin/lxc-start" pid=15733 comm="apparmor_parser"
[326224.478544] audit: type=1400 audit(1477278633.269:18): apparmor="STATUS" operation="profile_replace" profile="unconfined" name="/usr/lib/lxd/lxd-bridge-proxy" pid=15735 comm="apparmor_parser"
[326224.592300] audit: type=1400 audit(1477278633.385:19): apparmor="STATUS" operation="profile_replace" profile="unconfined" name="/usr/lib/snapd/snap-confine" pid=15738 comm="apparmor_parser"
[326224.608148] audit: type=1400 audit(1477278633.401:20): apparmor="STATUS" operation="profile_replace" profile="unconfined" name="/usr/lib/snapd/snap-confine//mount-namespace-capture-helper" pid=15738 comm="apparmor_parser"
[326224.624774] audit: type=1400 audit(1477278633.417:21): apparmor="STATUS" operation="profile_replace" profile="unconfined" name="/sbin/dhclient" pid=15736 comm="apparmor_parser"
[326224.625098] audit: type=1400 audit(1477278633.417:22): apparmor="STATUS" operation="profile_replace" profile="unconfined" name="/usr/lib/NetworkManager/nm-dhcp-client.action" pid=15736 comm="apparmor_parser"
[326224.625337] audit: type=1400 audit(1477278633.417:23): apparmor="STATUS" operation="profile_replace" profile="unconfined" name="/usr/lib/NetworkManager/nm-dhcp-helper" pid=15736 comm="apparmor_parser"
[326224.625553] audit: type=1400 audit(1477278633.417:24): apparmor="STATUS" operation="profile_replace" profile="unconfined" name="/usr/lib/connman/scripts/dhclient-script" pid=15736 comm="apparmor_parser"
[326224.661189] audit: type=1400 audit(1477278633.453:25): apparmor="STATUS" operation="profile_replace" profile="unconfined" name="lxc-container-default" pid=15731 comm="apparmor_parser"
[326224.661430] audit: type=1400 audit(1477278633.453:26): apparmor="STATUS" operation="profile_replace" profile="unconfined" name="lxc-container-default-cgns" pid=15731 comm="apparmor_parser"
[326232.792230] blk_update_request: I/O error, dev fd0, sector 0
[326232.794789] floppy: error -5 while reading block 0
[332061.625352] cgroup: new mount options do not match the existing superblock, will be ignored
[359013.974078] show_signal_msg: 21 callbacks suppressed
[359013.974082] mdsd[48250]: segfault at 0 ip 00007fa7fb39b6dd sp 00007fa74e7f2ab0 error 4 in libmdsdlog-clang.so.1.0[7fa7fb396000+c000]
[596613.972569] mdsd[1854]: segfault at 0 ip 00007f666dea46dd sp 00007f65c0ff79a0 error 4 in libmdsdlog-clang.so.1.0[7f666de9f000+c000]
[672213.553187] mdsd[63396]: segfault at 0 ip 00007f5f545ff6dd sp 00007f5eaaffbab0 error 4 in libmdsdlog-clang.so.1.0[7f5f545fa000+c000]
[683013.437881] mdsd[9293]: segfault at 0 ip 00007f3e74d8c6dd sp 00007f3dc6febab0 error 4 in libmdsdlog-clang.so.1.0[7f3e74d87000+c000]
[693814.668275] mdsd[20808]: segfault at 0 ip 00007f5274c746dd sp 00007f51c2feb9a0 error 4 in libmdsdlog-clang.so.1.0[7f5274c6f000+c000]
[769414.142665] mdsd[6559]: segfault at 0 ip 00007f79c62746dd sp 00007f7915ff8d30 error 4 in libmdsdlog-clang.so.1.0[7f79c626f000+c000]
[920612.903525] mdsd[26998]: segfault at 0 ip 00007f19ece1c6dd sp 00007f193dff0d30 error 4 in libmdsdlog-clang.so.1.0[7f19ece17000+c000]
[974382.615601] audit: type=1400 audit(1477926791.402:34): apparmor="STATUS" operation="profile_replace" profile="unconfined" name="/usr/bin/lxc-start" pid=41573 comm="apparmor_parser"
[974382.689851] audit: type=1400 audit(1477926791.478:35): apparmor="STATUS" operation="profile_replace" profile="unconfined" name="/usr/lib/lxd/lxd-bridge-proxy" pid=41577 comm="apparmor_parser"
[974382.696708] audit: type=1400 audit(1477926791.486:36): apparmor="STATUS" operation="profile_replace" profile="unconfined" name="/usr/bin/freshclam" pid=41575 comm="apparmor_parser"
[974382.771317] audit: type=1400 audit(1477926791.558:37): apparmor="STATUS" operation="profile_replace" profile="unconfined" name="/usr/sbin/ntpd" pid=41583 comm="apparmor_parser"
[974382.778227] audit: type=1400 audit(1477926791.566:38): apparmor="STATUS" operation="profile_replace" profile="unconfined" name="/sbin/dhclient" pid=41574 comm="apparmor_parser"
[974382.778492] audit: type=1400 audit(1477926791.566:39): apparmor="STATUS" operation="profile_replace" profile="unconfined" name="/usr/lib/NetworkManager/nm-dhcp-client.action" pid=41574 comm="apparmor_parser"
[974382.778722] audit: type=1400 audit(1477926791.566:40): apparmor="STATUS" operation="profile_replace" profile="unconfined" name="/usr/lib/NetworkManager/nm-dhcp-helper" pid=41574 comm="apparmor_parser"
[974382.778933] audit: type=1400 audit(1477926791.566:41): apparmor="STATUS" operation="profile_replace" profile="unconfined" name="/usr/lib/connman/scripts/dhclient-script" pid=41574 comm="apparmor_parser"
[974382.855544] audit: type=1400 audit(1477926791.642:42): apparmor="STATUS" operation="profile_replace" profile="unconfined" name="/usr/lib/snapd/snap-confine" pid=41580 comm="apparmor_parser"
